// Jest Snapshot v1, https://goo.gl/fbAQLP

exports[`Icon renders without crashing 1`] = `null`;
