// Jest Snapshot v1, https://goo.gl/fbAQLP

exports[`VehicleHeaderCell renders without crashing 1`] = `
<div
  className="vehicleHeaderWrapper"
>
  <p
    className="vehicleHeaderCell"
    onClick={[Function]}
  />
</div>
`;
